
> frontend@0.1.0 build
> next build

node.exe :  ⚠ Warning: Next.js inferred your 
workspace root, but it may not be correct.
At line:1 char:1
+ & "C:\Program Files\nodejs/node.exe" 
"C:\Program Files\nodejs/node_mo ...
+ ~~~~~~~~~~~~~~~~~~~~~~~~~~~~~~~~~~~~~~~~~~~~
~~~~~~~~~~~~~~~~~~~~~~~~~
    + CategoryInfo          : NotSpecified: ( 
    ⚠ Warning: Nex...not be correct.:String)  
   [], RemoteException
    + FullyQualifiedErrorId : NativeCommandEr 
   ror
 
 We detected multiple lockfiles and selected 
the directory of 
D:\Project\Medagen\package-lock.json as the 
root directory.
 To silence this warning, set 
`turbopack.root` in your Next.js config, or 
consider removing one of the lockfiles if 
it's not needed.
   See https://nextjs.org/docs/app/api-referen
ce/config/next-config-js/turbopack#root-direct
ory for more information.
 Detected additional lockfiles: 
   * 
D:\Project\Medagen\frontend\package-lock.json

   ▲ Next.js 16.0.3 (Turbopack)

   Creating an optimized production build ...
Error: Can't resolve 'tailwindcss-animate' in 
'D:\Project\Medagen\frontend\app'
    [2m[at finishWithoutResolve (D:\Project\M
edagen\frontend\node_modules\enhanced-resolve\
lib\Resolver.js:565:18)][0m
    [2m[at D:\Project\Medagen\frontend\node_m
odules\enhanced-resolve\lib\Resolver.js:657:14
][0m
    [2m[at D:\Project\Medagen\frontend\node_m
odules\enhanced-resolve\lib\Resolver.js:718:5]
[0m
    [2m[at eval (eval at create (D:\Project\M
edagen\frontend\node_modules\tapable\lib\HookC
odeFactory.js:31:10), <anonymous>:15:1)][0m
    [2m[at D:\Project\Medagen\frontend\node_m
odules\enhanced-resolve\lib\Resolver.js:718:5]
[0m
    [2m[at eval (eval at create (D:\Project\M
edagen\frontend\node_modules\tapable\lib\HookC
odeFactory.js:31:10), <anonymous>:27:1)][0m
    [2m[at D:\Project\Medagen\frontend\node_m
odules\enhanced-resolve\lib\DescriptionFilePlu
gin.js:89:43][0m
    [2m[at D:\Project\Medagen\frontend\node_m
odules\enhanced-resolve\lib\Resolver.js:718:5]
[0m
    [2m[at eval (eval at create (D:\Project\M
edagen\frontend\node_modules\tapable\lib\HookC
odeFactory.js:31:10), <anonymous>:15:1)][0m
    [2m[at D:\Project\Medagen\frontend\node_m
odules\enhanced-resolve\lib\Resolver.js:718:5]
[0m {
  details: "resolve 'tailwindcss-animate' in 
'D:\\Project\\Medagen\\frontend\\app'\n" +
    '  Parsed request is a module\n' +
    '  using description file: 
D:\\Project\\Medagen\\frontend\\package.json 
(relative path: ./app)\n' +
    '    resolve as module\n' +
    "      D:\\Project\\Medagen\\frontend\\app
\\node_modules doesn't exist or is not a 
directory\n" +
    '      looking for modules in D:\\Project\
\Medagen\\frontend\\node_modules\n' +
    '        single file module\n' +
    '          using description file: 
D:\\Project\\Medagen\\frontend\\package.json 
(relative path: 
./node_modules/tailwindcss-animate)\n' +
    '            no extension\n' +
    "              D:\\Project\\Medagen\\front
end\\node_modules\\tailwindcss-animate 
doesn't exist\n" +
    '            .js\n' +
    "              D:\\Project\\Medagen\\front
end\\node_modules\\tailwindcss-animate.js 
doesn't exist\n" +
    '            .json\n' +
    "              D:\\Project\\Medagen\\front
end\\node_modules\\tailwindcss-animate.json 
doesn't exist\n" +
    '            .node\n' +
    "              D:\\Project\\Medagen\\front
end\\node_modules\\tailwindcss-animate.node 
doesn't exist\n" +
    '            .ts\n' +
    "              D:\\Project\\Medagen\\front
end\\node_modules\\tailwindcss-animate.ts 
doesn't exist\n" +
    "        D:\\Project\\Medagen\\frontend\\n
ode_modules\\tailwindcss-animate doesn't 
exist\n" +
    "      D:\\Project\\Medagen\\node_modules 
doesn't exist or is not a directory\n" +
    "      D:\\Project\\node_modules doesn't 
exist or is not a directory\n" +
    "      D:\\node_modules doesn't exist or 
is not a directory"
}

> Build error occurred
Error: Turbopack build failed with 1 errors:
./frontend/app/globals.css
Error evaluating Node.js code
CssSyntaxError: tailwindcss: D:\Project\Medage
n\frontend\app\globals.css:1:1: Can't resolve 
'tailwindcss-animate' in 
'D:\Project\Medagen\frontend\app'
    at Input.error (frontend/node_modules/post
css/lib/input.js:135:16) [D:\Project\Medagen\f
rontend\.next\build\chunks\9e883_174fdf60._.js
:4651:22]
    at Root.error (frontend/node_modules/postc
ss/lib/node.js:146:32) [D:\Project\Medagen\fro
ntend\.next\build\chunks\9e883_174fdf60._.js:9
28:38]
    [at Object.Once (D:\Project\Medagen\fronte
nd\node_modules\@tailwindcss\postcss\dist\inde
x.js:10:6912)]
    at async LazyResult.runAsync (frontend/nod
e_modules/postcss/lib/lazy-result.js:293:11) [
D:\Project\Medagen\frontend\.next\build\chunks
\9e883_174fdf60._.js:6206:21]
    at async transform (turbopack:///[turbopac
k-node]/transforms/postcss.ts:70:34) [D:\Proje
ct\Medagen\frontend\.next\build\chunks\[root-o
f-the-server]__188e9cb8._.js:146:36]
    at async run (turbopack:///[turbopack-node
]/ipc/evaluate.ts:92:23) [D:\Project\Medagen\f
rontend\.next\build\chunks\[root-of-the-server
]__3b54a99d._.js:443:31]

Import trace:
  Client Component Browser:
    ./frontend/app/globals.css [Client 
Component Browser]
    ./frontend/app/layout.tsx [Server 
Component]


    at async transform (turbopack:///[turbopac
k-node]/transforms/postcss.ts:70:34) [D:\Proje
ct\Medagen\frontend\.next\build\chunks\[root-o
f-the-server]__188e9cb8._.js:146:36])
    at async run (turbopack:///[turbopack-node
]/ipc/evaluate.ts:92:23) [D:\Project\Medagen\f
rontend\.next\build\chunks\[root-of-the-server
]__3b54a99d._.js:443:31])
